==========================================================================================
TAN-II Sprint 4.2-A geometric shortcut audit
==========================================================================================
5a norm invariance (exact = 1/2): r in [1.0, 2.0, 5.0, 10.0]
  r=1.0: exact 0.5000, MC means ['0.4997', '0.4938', '0.5076']
  r=2.0: exact 0.5000, MC means ['0.4994', '0.4984', '0.4977']
  r=5.0: exact 0.5000, MC means ['0.4970', '0.4964', '0.4913']
  r=10.0: exact 0.5000, MC means ['0.4957', '0.4943', '0.4917']
5b distractor leak (exact P[w=D]):
  m=0.5: exact 0.0907 (A 0.4547, B 0.4547), MC means ['0.0922', '0.0895', '0.0844']
  m=1.0: exact 0.1250 (A 0.4375, B 0.4375), MC means ['0.1211', '0.1258', '0.1316']
  m=2.0: exact 0.3407 (A 0.3297, B 0.3297), MC means ['0.3441', '0.3458', '0.3516']
  m=5.0: exact 0.4480 (A 0.2760, B 0.2760), MC means ['0.4507', '0.4478', '0.4554']
  m=10.0: exact 0.4758 (A 0.2621, B 0.2621), MC means ['0.4808', '0.4763', '0.4833']
5c symmetric 3-set (exact = 1/3 each):
  exact: ['0.3333', '0.3333', '0.3333']
  K1: MC means ['0.3366', '0.3291', '0.3398']
  K2: MC means ['0.3371', '0.3403', '0.3303']
  K3: MC means ['0.3263', '0.3306', '0.3299']
------------------------------------------------------------------------------------------
ALL SHORTCUT-AUDIT CHECKS PASS.
outputs written to: C:\Users\李则徐\Downloads\TAN_Review\P0_20260917_181757\s42_shortcuts
